[    8601ms] [WARNING] Clerk: Clerk has been loaded with development keys. Development instances have strict usage limits and should not be used when deploying your application to production. Learn more: https://clerk.com/docs/deployments/overview @ http://localhost:3000/_next/static/chunks/node_modules_next_dist_f3530cac._.js:2297
[  751566ms] [ERROR] WebSocket connection to 'ws://localhost:3000/_next/webpack-hmr?id=gIEY1EeMsGF3DU23G6TNi' failed: Error in connection establishment: net::ERR_CONNECTION_REFUSED @ http://localhost:3000/_next/static/chunks/node_modules_next_dist_client_17643121._.js:10878
[  754914ms] [ERROR] WebSocket connection to 'ws://localhost:3000/_next/webpack-hmr?id=gIEY1EeMsGF3DU23G6TNi' failed: Error in connection establishment: net::ERR_CONNECTION_REFUSED @ http://localhost:3000/_next/static/chunks/node_modules_next_dist_client_17643121._.js:10878
[  758267ms] [ERROR] WebSocket connection to 'ws://localhost:3000/_next/webpack-hmr?id=gIEY1EeMsGF3DU23G6TNi' failed: Error in connection establishment: net::ERR_CONNECTION_REFUSED @ http://localhost:3000/_next/static/chunks/node_modules_next_dist_client_17643121._.js:10878
[  761632ms] [ERROR] WebSocket connection to 'ws://localhost:3000/_next/webpack-hmr?id=gIEY1EeMsGF3DU23G6TNi' failed: Error in connection establishment: net::ERR_CONNECTION_REFUSED @ http://localhost:3000/_next/static/chunks/node_modules_next_dist_client_17643121._.js:10878
[  764996ms] [ERROR] WebSocket connection to 'ws://localhost:3000/_next/webpack-hmr?id=gIEY1EeMsGF3DU23G6TNi' failed: Error in connection establishment: net::ERR_CONNECTION_REFUSED @ http://localhost:3000/_next/static/chunks/node_modules_next_dist_client_17643121._.js:10878
[  772370ms] [ERROR] WebSocket connection to 'ws://localhost:3000/_next/webpack-hmr?id=gIEY1EeMsGF3DU23G6TNi' failed: Error in connection establishment: net::ERR_CONNECTION_REFUSED @ http://localhost:3000/_next/static/chunks/node_modules_next_dist_client_17643121._.js:10878
[  779743ms] [ERROR] WebSocket connection to 'ws://localhost:3000/_next/webpack-hmr?id=gIEY1EeMsGF3DU23G6TNi' failed: Error in connection establishment: net::ERR_CONNECTION_REFUSED @ http://localhost:3000/_next/static/chunks/node_modules_next_dist_client_17643121._.js:10878
[  787118ms] [ERROR] WebSocket connection to 'ws://localhost:3000/_next/webpack-hmr?id=gIEY1EeMsGF3DU23G6TNi' failed: Error in connection establishment: net::ERR_CONNECTION_REFUSED @ http://localhost:3000/_next/static/chunks/node_modules_next_dist_client_17643121._.js:10878
[  794460ms] [ERROR] WebSocket connection to 'ws://localhost:3000/_next/webpack-hmr?id=gIEY1EeMsGF3DU23G6TNi' failed: Error in connection establishment: net::ERR_CONNECTION_REFUSED @ http://localhost:3000/_next/static/chunks/node_modules_next_dist_client_17643121._.js:10878
[  801842ms] [ERROR] WebSocket connection to 'ws://localhost:3000/_next/webpack-hmr?id=gIEY1EeMsGF3DU23G6TNi' failed: Error in connection establishment: net::ERR_CONNECTION_REFUSED @ http://localhost:3000/_next/static/chunks/node_modules_next_dist_client_17643121._.js:10878
[  809287ms] [ERROR] WebSocket connection to 'ws://localhost:3000/_next/webpack-hmr?id=gIEY1EeMsGF3DU23G6TNi' failed: Error in connection establishment: net::ERR_CONNECTION_REFUSED @ http://localhost:3000/_next/static/chunks/node_modules_next_dist_client_17643121._.js:10878
[  816734ms] [ERROR] WebSocket connection to 'ws://localhost:3000/_next/webpack-hmr?id=gIEY1EeMsGF3DU23G6TNi' failed: Error in connection establishment: net::ERR_CONNECTION_REFUSED @ http://localhost:3000/_next/static/chunks/node_modules_next_dist_client_17643121._.js:10878
[ 9038207ms] [WARNING] Clerk: Clerk has been loaded with development keys. Development instances have strict usage limits and should not be used when deploying your application to production. Learn more: https://clerk.com/docs/deployments/overview @ http://localhost:3000/_next/static/chunks/node_modules_next_dist_f3530cac._.js:2297
[22460529ms] [WARNING] Clerk: Clerk has been loaded with development keys. Development instances have strict usage limits and should not be used when deploying your application to production. Learn more: https://clerk.com/docs/deployments/overview @ http://localhost:3000/_next/static/chunks/node_modules_next_dist_f3530cac._.js:2297
[25388108ms] [ERROR] WebSocket connection to 'ws://localhost:3000/_next/webpack-hmr?id=KvynEbqWc-s3BACgGyiIr' failed: Error in connection establishment: net::ERR_CONNECTION_REFUSED @ http://localhost:3000/_next/static/chunks/node_modules_next_dist_client_17643121._.js:10878
[25391473ms] [ERROR] WebSocket connection to 'ws://localhost:3000/_next/webpack-hmr?id=KvynEbqWc-s3BACgGyiIr' failed: Error in connection establishment: net::ERR_CONNECTION_REFUSED @ http://localhost:3000/_next/static/chunks/node_modules_next_dist_client_17643121._.js:10878
[25394825ms] [ERROR] WebSocket connection to 'ws://localhost:3000/_next/webpack-hmr?id=KvynEbqWc-s3BACgGyiIr' failed: Error in connection establishment: net::ERR_CONNECTION_REFUSED @ http://localhost:3000/_next/static/chunks/node_modules_next_dist_client_17643121._.js:10878
[25398167ms] [ERROR] WebSocket connection to 'ws://localhost:3000/_next/webpack-hmr?id=KvynEbqWc-s3BACgGyiIr' failed: Error in connection establishment: net::ERR_CONNECTION_REFUSED @ http://localhost:3000/_next/static/chunks/node_modules_next_dist_client_17643121._.js:10878
[25401504ms] [ERROR] WebSocket connection to 'ws://localhost:3000/_next/webpack-hmr?id=KvynEbqWc-s3BACgGyiIr' failed: Error in connection establishment: net::ERR_CONNECTION_REFUSED @ http://localhost:3000/_next/static/chunks/node_modules_next_dist_client_17643121._.js:10878
[25408870ms] [ERROR] WebSocket connection to 'ws://localhost:3000/_next/webpack-hmr?id=KvynEbqWc-s3BACgGyiIr' failed: Error in connection establishment: net::ERR_CONNECTION_REFUSED @ http://localhost:3000/_next/static/chunks/node_modules_next_dist_client_17643121._.js:10878
[25416235ms] [ERROR] WebSocket connection to 'ws://localhost:3000/_next/webpack-hmr?id=KvynEbqWc-s3BACgGyiIr' failed: Error in connection establishment: net::ERR_CONNECTION_REFUSED @ http://localhost:3000/_next/static/chunks/node_modules_next_dist_client_17643121._.js:10878
[25423609ms] [ERROR] WebSocket connection to 'ws://localhost:3000/_next/webpack-hmr?id=KvynEbqWc-s3BACgGyiIr' failed: Error in connection establishment: net::ERR_CONNECTION_REFUSED @ http://localhost:3000/_next/static/chunks/node_modules_next_dist_client_17643121._.js:10878
[25430971ms] [ERROR] WebSocket connection to 'ws://localhost:3000/_next/webpack-hmr?id=KvynEbqWc-s3BACgGyiIr' failed: Error in connection establishment: net::ERR_CONNECTION_REFUSED @ http://localhost:3000/_next/static/chunks/node_modules_next_dist_client_17643121._.js:10878
[25438350ms] [ERROR] WebSocket connection to 'ws://localhost:3000/_next/webpack-hmr?id=KvynEbqWc-s3BACgGyiIr' failed: Error in connection establishment: net::ERR_CONNECTION_REFUSED @ http://localhost:3000/_next/static/chunks/node_modules_next_dist_client_17643121._.js:10878
[25445771ms] [ERROR] WebSocket connection to 'ws://localhost:3000/_next/webpack-hmr?id=KvynEbqWc-s3BACgGyiIr' failed: Error in connection establishment: net::ERR_CONNECTION_REFUSED @ http://localhost:3000/_next/static/chunks/node_modules_next_dist_client_17643121._.js:10878
[25453249ms] [ERROR] WebSocket connection to 'ws://localhost:3000/_next/webpack-hmr?id=KvynEbqWc-s3BACgGyiIr' failed: Error in connection establishment: net::ERR_CONNECTION_REFUSED @ http://localhost:3000/_next/static/chunks/node_modules_next_dist_client_17643121._.js:10878
